// Vitest Snapshot v1, https://vitest.dev/guide/snapshot.html

exports[`Init an ADR Repository > should use an alternate directory 1`] = `
"# 1. Record architecture decisions

Date: 1992-01-12

## Status

Accepted

## Context

We need to record the architectural decisions made on this project.

## Decision

We will use Architecture Decision Records, as [described by Michael Nygard](https://cognitect.com/blog/2011/11/15/documenting-architecture-decisions).

## Consequences

See Michael Nygard's article, linked above.
For a lightweight ADR toolset, see Nat Pryce's [adr-tools](https://github.com/npryce/adr-tools).
> For a node version of the same tooling, see Meza's [adr-tools](https://github.com/meza/adr-tools).
"
`;

exports[`Init an ADR Repository > should use the default directory 1`] = `
"# 1. Record architecture decisions

Date: 1992-01-12

## Status

Accepted

## Context

We need to record the architectural decisions made on this project.

## Decision

We will use Architecture Decision Records, as [described by Michael Nygard](https://cognitect.com/blog/2011/11/15/documenting-architecture-decisions).

## Consequences

See Michael Nygard's article, linked above.
For a lightweight ADR toolset, see Nat Pryce's [adr-tools](https://github.com/npryce/adr-tools).
> For a node version of the same tooling, see Meza's [adr-tools](https://github.com/meza/adr-tools).
"
`;
